// Vitest Snapshot v1, https://vitest.dev/guide/snapshot.html

exports[`FormWithConditionals > ignores unexpected props 1`] = `<span />`;

exports[`FormWithConditionals > ignores unexpected props 2`] = `<span />`;
